// Jest Snapshot v1, https://goo.gl/fbAQLP

exports[`genericComponents / inputs / <FormButton /> should match snapshot 1`] = `
<button
  class="btn btn-primary"
>
  Testando Bot√£o
</button>
`;
